[0.076s] DEBUG:colcon:Command line arguments: ['/usr/bin/colcon', 'build']
[0.076s] DEBUG:colcon:Parsed command line arguments: Namespace(log_base=None, log_level=None, verb_name='build', build_base='build', install_base='install', merge_install=False, symlink_install=False, test_result_base=None, continue_on_error=False, executor='parallel', parallel_workers=20, event_handlers=None, ignore_user_meta=False, metas=['./colcon.meta'], base_paths=['.'], packages_ignore=None, packages_ignore_regex=None, paths=None, packages_up_to=None, packages_up_to_regex=None, packages_above=None, packages_above_and_dependencies=None, packages_above_depth=None, packages_select_by_dep=None, packages_skip_by_dep=None, packages_skip_up_to=None, packages_select_build_failed=False, packages_skip_build_finished=False, packages_select_test_failures=False, packages_skip_test_passed=False, packages_select=None, packages_skip=None, packages_select_regex=None, packages_skip_regex=None, packages_start=None, packages_end=None, allow_overriding=[], cmake_args=None, cmake_target=None, cmake_target_skip_unavailable=False, cmake_clean_cache=False, cmake_clean_first=False, cmake_force_configure=False, ament_cmake_args=None, catkin_cmake_args=None, catkin_skip_building_tests=False, mixin_files=None, mixin=None, verb_parser=<colcon_mixin.mixin.mixin_argument.MixinArgumentDecorator object at 0x79372908e950>, verb_extension=<colcon_core.verb.build.BuildVerb object at 0x79372908e410>, main=<bound method BuildVerb.main of <colcon_core.verb.build.BuildVerb object at 0x79372908e410>>, mixin_verb=('build',))
[0.202s] Level 1:colcon.colcon_core.package_discovery:discover_packages(colcon_meta) check parameters
[0.202s] Level 1:colcon.colcon_core.package_discovery:discover_packages(recursive) check parameters
[0.202s] Level 1:colcon.colcon_core.package_discovery:discover_packages(ignore) check parameters
[0.202s] Level 1:colcon.colcon_core.package_discovery:discover_packages(path) check parameters
[0.202s] Level 1:colcon.colcon_core.package_discovery:discover_packages(colcon_meta) discover
[0.202s] Level 1:colcon.colcon_core.package_discovery:discover_packages(recursive) discover
[0.202s] INFO:colcon.colcon_core.package_discovery:Crawling recursively for packages in '/home/ssafy/Desktop/SmartFactory-Solution/laptop1'
[0.202s] Level 1:colcon.colcon_core.package_identification:_identify(.) by extensions ['ignore', 'ignore_ament_install']
[0.202s] Level 1:colcon.colcon_core.package_identification:_identify(.) by extension 'ignore'
[0.202s] Level 1:colcon.colcon_core.package_identification:_identify(.) by extension 'ignore_ament_install'
[0.202s] Level 1:colcon.colcon_core.package_identification:_identify(.) by extensions ['colcon_pkg']
[0.202s] Level 1:colcon.colcon_core.package_identification:_identify(.) by extension 'colcon_pkg'
[0.202s] Level 1:colcon.colcon_core.package_identification:_identify(.) by extensions ['colcon_meta']
[0.202s] Level 1:colcon.colcon_core.package_identification:_identify(.) by extension 'colcon_meta'
[0.202s] Level 1:colcon.colcon_core.package_identification:_identify(.) by extensions ['ros']
[0.202s] Level 1:colcon.colcon_core.package_identification:_identify(.) by extension 'ros'
[0.216s] Level 1:colcon.colcon_core.package_identification:_identify(.) by extensions ['cmake', 'python']
[0.216s] Level 1:colcon.colcon_core.package_identification:_identify(.) by extension 'cmake'
[0.216s] Level 1:colcon.colcon_core.package_identification:_identify(.) by extension 'python'
[0.216s] Level 1:colcon.colcon_core.package_identification:_identify(.) by extensions ['python_setup_py']
[0.216s] Level 1:colcon.colcon_core.package_identification:_identify(.) by extension 'python_setup_py'
[0.216s] Level 1:colcon.colcon_core.package_identification:_identify(build) by extensions ['ignore', 'ignore_ament_install']
[0.216s] Level 1:colcon.colcon_core.package_identification:_identify(build) by extension 'ignore'
[0.217s] Level 1:colcon.colcon_core.package_identification:_identify(build) ignored
[0.217s] Level 1:colcon.colcon_core.package_identification:_identify(install) by extensions ['ignore', 'ignore_ament_install']
[0.217s] Level 1:colcon.colcon_core.package_identification:_identify(install) by extension 'ignore'
[0.217s] Level 1:colcon.colcon_core.package_identification:_identify(install) ignored
[0.217s] Level 1:colcon.colcon_core.package_identification:_identify(log) by extensions ['ignore', 'ignore_ament_install']
[0.217s] Level 1:colcon.colcon_core.package_identification:_identify(log) by extension 'ignore'
[0.217s] Level 1:colcon.colcon_core.package_identification:_identify(log) ignored
[0.217s] Level 1:colcon.colcon_core.package_identification:_identify(src) by extensions ['ignore', 'ignore_ament_install']
[0.217s] Level 1:colcon.colcon_core.package_identification:_identify(src) by extension 'ignore'
[0.217s] Level 1:colcon.colcon_core.package_identification:_identify(src) by extension 'ignore_ament_install'
[0.217s] Level 1:colcon.colcon_core.package_identification:_identify(src) by extensions ['colcon_pkg']
[0.217s] Level 1:colcon.colcon_core.package_identification:_identify(src) by extension 'colcon_pkg'
[0.217s] Level 1:colcon.colcon_core.package_identification:_identify(src) by extensions ['colcon_meta']
[0.217s] Level 1:colcon.colcon_core.package_identification:_identify(src) by extension 'colcon_meta'
[0.217s] Level 1:colcon.colcon_core.package_identification:_identify(src) by extensions ['ros']
[0.217s] Level 1:colcon.colcon_core.package_identification:_identify(src) by extension 'ros'
[0.217s] Level 1:colcon.colcon_core.package_identification:_identify(src) by extensions ['cmake', 'python']
[0.217s] Level 1:colcon.colcon_core.package_identification:_identify(src) by extension 'cmake'
[0.217s] Level 1:colcon.colcon_core.package_identification:_identify(src) by extension 'python'
[0.217s] Level 1:colcon.colcon_core.package_identification:_identify(src) by extensions ['python_setup_py']
[0.217s] Level 1:colcon.colcon_core.package_identification:_identify(src) by extension 'python_setup_py'
[0.217s] Level 1:colcon.colcon_core.package_identification:_identify(src/pjt) by extensions ['ignore', 'ignore_ament_install']
[0.217s] Level 1:colcon.colcon_core.package_identification:_identify(src/pjt) by extension 'ignore'
[0.217s] Level 1:colcon.colcon_core.package_identification:_identify(src/pjt) by extension 'ignore_ament_install'
[0.217s] Level 1:colcon.colcon_core.package_identification:_identify(src/pjt) by extensions ['colcon_pkg']
[0.217s] Level 1:colcon.colcon_core.package_identification:_identify(src/pjt) by extension 'colcon_pkg'
[0.217s] Level 1:colcon.colcon_core.package_identification:_identify(src/pjt) by extensions ['colcon_meta']
[0.217s] Level 1:colcon.colcon_core.package_identification:_identify(src/pjt) by extension 'colcon_meta'
[0.217s] Level 1:colcon.colcon_core.package_identification:_identify(src/pjt) by extensions ['ros']
[0.217s] Level 1:colcon.colcon_core.package_identification:_identify(src/pjt) by extension 'ros'
[0.219s] DEBUG:colcon.colcon_core.package_identification:Package 'src/pjt' with type 'ros.ament_python' and name 'pjt'
[0.219s] Level 1:colcon.colcon_core.package_discovery:discover_packages(recursive) using defaults
[0.219s] Level 1:colcon.colcon_core.package_discovery:discover_packages(ignore) discover
[0.219s] Level 1:colcon.colcon_core.package_discovery:discover_packages(ignore) using defaults
[0.219s] Level 1:colcon.colcon_core.package_discovery:discover_packages(path) discover
[0.219s] Level 1:colcon.colcon_core.package_discovery:discover_packages(path) using defaults
[0.235s] Level 1:colcon.colcon_core.package_discovery:discover_packages(prefix_path) check parameters
[0.235s] Level 1:colcon.colcon_core.package_discovery:discover_packages(prefix_path) discover
[0.236s] DEBUG:colcon.colcon_installed_package_information.package_discovery:Found 13 installed packages in /home/ssafy/magician_ros2_control_system_ws/install
[0.237s] DEBUG:colcon.colcon_installed_package_information.package_discovery:Found 1 installed packages in /home/ssafy/to_ws/install
[0.237s] DEBUG:colcon.colcon_installed_package_information.package_discovery:Found 1 installed packages in /home/ssafy/Desktop/SmartFactory-Solution/laptop1/install
[0.238s] DEBUG:colcon.colcon_installed_package_information.package_discovery:Found 332 installed packages in /opt/ros/humble
[0.239s] Level 1:colcon.colcon_core.package_discovery:discover_packages(prefix_path) using defaults
[0.266s] Level 5:colcon.colcon_core.verb:set package 'pjt' build argument 'cmake_args' from command line to 'None'
[0.266s] Level 5:colcon.colcon_core.verb:set package 'pjt' build argument 'cmake_target' from command line to 'None'
[0.266s] Level 5:colcon.colcon_core.verb:set package 'pjt' build argument 'cmake_target_skip_unavailable' from command line to 'False'
[0.266s] Level 5:colcon.colcon_core.verb:set package 'pjt' build argument 'cmake_clean_cache' from command line to 'False'
[0.266s] Level 5:colcon.colcon_core.verb:set package 'pjt' build argument 'cmake_clean_first' from command line to 'False'
[0.266s] Level 5:colcon.colcon_core.verb:set package 'pjt' build argument 'cmake_force_configure' from command line to 'False'
[0.266s] Level 5:colcon.colcon_core.verb:set package 'pjt' build argument 'ament_cmake_args' from command line to 'None'
[0.266s] Level 5:colcon.colcon_core.verb:set package 'pjt' build argument 'catkin_cmake_args' from command line to 'None'
[0.266s] Level 5:colcon.colcon_core.verb:set package 'pjt' build argument 'catkin_skip_building_tests' from command line to 'False'
[0.266s] DEBUG:colcon.colcon_core.verb:Building package 'pjt' with the following arguments: {'ament_cmake_args': None, 'build_base': '/home/ssafy/Desktop/SmartFactory-Solution/laptop1/build/pjt', 'catkin_cmake_args': None, 'catkin_skip_building_tests': False, 'cmake_args': None, 'cmake_clean_cache': False, 'cmake_clean_first': False, 'cmake_force_configure': False, 'cmake_target': None, 'cmake_target_skip_unavailable': False, 'install_base': '/home/ssafy/Desktop/SmartFactory-Solution/laptop1/install/pjt', 'merge_install': False, 'path': '/home/ssafy/Desktop/SmartFactory-Solution/laptop1/src/pjt', 'symlink_install': False, 'test_result_base': None}
[0.266s] INFO:colcon.colcon_core.executor:Executing jobs using 'parallel' executor
[0.267s] DEBUG:colcon.colcon_parallel_executor.executor.parallel:run_until_complete
[0.267s] INFO:colcon.colcon_ros.task.ament_python.build:Building ROS package in '/home/ssafy/Desktop/SmartFactory-Solution/laptop1/src/pjt' with build type 'ament_python'
[0.268s] Level 1:colcon.colcon_core.shell:create_environment_hook('pjt', 'ament_prefix_path')
[0.270s] INFO:colcon.colcon_core.plugin_system:Skipping extension 'colcon_core.shell.bat': Not used on non-Windows systems
[0.270s] INFO:colcon.colcon_core.shell:Creating environment hook '/home/ssafy/Desktop/SmartFactory-Solution/laptop1/install/pjt/share/pjt/hook/ament_prefix_path.ps1'
[0.271s] INFO:colcon.colcon_core.shell:Creating environment descriptor '/home/ssafy/Desktop/SmartFactory-Solution/laptop1/install/pjt/share/pjt/hook/ament_prefix_path.dsv'
[0.272s] INFO:colcon.colcon_core.shell:Creating environment hook '/home/ssafy/Desktop/SmartFactory-Solution/laptop1/install/pjt/share/pjt/hook/ament_prefix_path.sh'
[0.272s] INFO:colcon.colcon_core.shell:Skip shell extension 'powershell' for command environment: Not usable outside of PowerShell
[0.273s] DEBUG:colcon.colcon_core.shell:Skip shell extension 'dsv' for command environment
[0.495s] INFO:colcon.colcon_core.task.python.build:Building Python package in '/home/ssafy/Desktop/SmartFactory-Solution/laptop1/src/pjt'
[0.496s] INFO:colcon.colcon_core.shell:Skip shell extension 'powershell' for command environment: Not usable outside of PowerShell
[0.496s] DEBUG:colcon.colcon_core.shell:Skip shell extension 'dsv' for command environment
[0.817s] DEBUG:colcon.colcon_core.event_handler.log_command:Invoking command in '/home/ssafy/Desktop/SmartFactory-Solution/laptop1/src/pjt': PYTHONPATH=/home/ssafy/Desktop/SmartFactory-Solution/laptop1/build/pjt/prefix_override:/usr/lib/python3/dist-packages/colcon_core/task/python/colcon_distutils_commands:/home/ssafy/Desktop/SmartFactory-Solution/laptop1/install/pjt/lib/python3.10/site-packages:${PYTHONPATH} /usr/bin/python3 -W ignore:setup.py install is deprecated -W ignore:easy_install command is deprecated setup.py egg_info --egg-base ../../build/pjt build --build-base /home/ssafy/Desktop/SmartFactory-Solution/laptop1/build/pjt/build install --record /home/ssafy/Desktop/SmartFactory-Solution/laptop1/build/pjt/install.log --single-version-externally-managed install_data
[1.166s] DEBUG:colcon.colcon_core.event_handler.log_command:Invoked command in '/home/ssafy/Desktop/SmartFactory-Solution/laptop1/src/pjt' returned '0': PYTHONPATH=/home/ssafy/Desktop/SmartFactory-Solution/laptop1/build/pjt/prefix_override:/usr/lib/python3/dist-packages/colcon_core/task/python/colcon_distutils_commands:/home/ssafy/Desktop/SmartFactory-Solution/laptop1/install/pjt/lib/python3.10/site-packages:${PYTHONPATH} /usr/bin/python3 -W ignore:setup.py install is deprecated -W ignore:easy_install command is deprecated setup.py egg_info --egg-base ../../build/pjt build --build-base /home/ssafy/Desktop/SmartFactory-Solution/laptop1/build/pjt/build install --record /home/ssafy/Desktop/SmartFactory-Solution/laptop1/build/pjt/install.log --single-version-externally-managed install_data
[1.169s] Level 1:colcon.colcon_core.environment:checking '/home/ssafy/Desktop/SmartFactory-Solution/laptop1/install/pjt' for CMake module files
[1.170s] Level 1:colcon.colcon_core.environment:checking '/home/ssafy/Desktop/SmartFactory-Solution/laptop1/install/pjt' for CMake config files
[1.171s] Level 1:colcon.colcon_core.environment:checking '/home/ssafy/Desktop/SmartFactory-Solution/laptop1/install/pjt/lib'
[1.171s] Level 1:colcon.colcon_core.environment:checking '/home/ssafy/Desktop/SmartFactory-Solution/laptop1/install/pjt/bin'
[1.171s] Level 1:colcon.colcon_core.environment:checking '/home/ssafy/Desktop/SmartFactory-Solution/laptop1/install/pjt/lib/pkgconfig/pjt.pc'
[1.172s] Level 1:colcon.colcon_core.environment:checking '/home/ssafy/Desktop/SmartFactory-Solution/laptop1/install/pjt/lib/python3.10/site-packages'
[1.172s] Level 1:colcon.colcon_core.shell:create_environment_hook('pjt', 'pythonpath')
[1.172s] INFO:colcon.colcon_core.shell:Creating environment hook '/home/ssafy/Desktop/SmartFactory-Solution/laptop1/install/pjt/share/pjt/hook/pythonpath.ps1'
[1.173s] INFO:colcon.colcon_core.shell:Creating environment descriptor '/home/ssafy/Desktop/SmartFactory-Solution/laptop1/install/pjt/share/pjt/hook/pythonpath.dsv'
[1.173s] INFO:colcon.colcon_core.shell:Creating environment hook '/home/ssafy/Desktop/SmartFactory-Solution/laptop1/install/pjt/share/pjt/hook/pythonpath.sh'
[1.174s] Level 1:colcon.colcon_core.environment:checking '/home/ssafy/Desktop/SmartFactory-Solution/laptop1/install/pjt/bin'
[1.174s] Level 1:colcon.colcon_core.environment:create_environment_scripts_only(pjt)
[1.174s] INFO:colcon.colcon_core.shell:Creating package script '/home/ssafy/Desktop/SmartFactory-Solution/laptop1/install/pjt/share/pjt/package.ps1'
[1.175s] INFO:colcon.colcon_core.shell:Creating package descriptor '/home/ssafy/Desktop/SmartFactory-Solution/laptop1/install/pjt/share/pjt/package.dsv'
[1.176s] INFO:colcon.colcon_core.shell:Creating package script '/home/ssafy/Desktop/SmartFactory-Solution/laptop1/install/pjt/share/pjt/package.sh'
[1.177s] INFO:colcon.colcon_core.shell:Creating package script '/home/ssafy/Desktop/SmartFactory-Solution/laptop1/install/pjt/share/pjt/package.bash'
[1.178s] INFO:colcon.colcon_core.shell:Creating package script '/home/ssafy/Desktop/SmartFactory-Solution/laptop1/install/pjt/share/pjt/package.zsh'
[1.178s] Level 1:colcon.colcon_core.environment:create_file_with_runtime_dependencies(/home/ssafy/Desktop/SmartFactory-Solution/laptop1/install/pjt/share/colcon-core/packages/pjt)
[1.179s] DEBUG:colcon.colcon_parallel_executor.executor.parallel:closing loop
[1.179s] DEBUG:colcon.colcon_parallel_executor.executor.parallel:loop closed
[1.179s] DEBUG:colcon.colcon_parallel_executor.executor.parallel:run_until_complete finished with '0'
[1.179s] DEBUG:colcon.colcon_core.event_reactor:joining thread
[1.186s] INFO:colcon.colcon_core.plugin_system:Skipping extension 'colcon_notification.desktop_notification.terminal_notifier': Not used on non-Darwin systems
[1.186s] INFO:colcon.colcon_core.plugin_system:Skipping extension 'colcon_notification.desktop_notification.win32': Not used on non-Windows systems
[1.186s] INFO:colcon.colcon_notification.desktop_notification:Sending desktop notification using 'notify2'
[1.195s] DEBUG:colcon.colcon_core.event_reactor:joined thread
[1.196s] INFO:colcon.colcon_core.shell:Creating prefix script '/home/ssafy/Desktop/SmartFactory-Solution/laptop1/install/local_setup.ps1'
[1.197s] INFO:colcon.colcon_core.shell:Creating prefix util module '/home/ssafy/Desktop/SmartFactory-Solution/laptop1/install/_local_setup_util_ps1.py'
[1.199s] INFO:colcon.colcon_core.shell:Creating prefix chain script '/home/ssafy/Desktop/SmartFactory-Solution/laptop1/install/setup.ps1'
[1.201s] INFO:colcon.colcon_core.shell:Creating prefix script '/home/ssafy/Desktop/SmartFactory-Solution/laptop1/install/local_setup.sh'
[1.201s] INFO:colcon.colcon_core.shell:Creating prefix util module '/home/ssafy/Desktop/SmartFactory-Solution/laptop1/install/_local_setup_util_sh.py'
[1.202s] INFO:colcon.colcon_core.shell:Creating prefix chain script '/home/ssafy/Desktop/SmartFactory-Solution/laptop1/install/setup.sh'
[1.203s] INFO:colcon.colcon_core.shell:Creating prefix script '/home/ssafy/Desktop/SmartFactory-Solution/laptop1/install/local_setup.bash'
[1.203s] INFO:colcon.colcon_core.shell:Creating prefix chain script '/home/ssafy/Desktop/SmartFactory-Solution/laptop1/install/setup.bash'
[1.204s] INFO:colcon.colcon_core.shell:Creating prefix script '/home/ssafy/Desktop/SmartFactory-Solution/laptop1/install/local_setup.zsh'
[1.204s] INFO:colcon.colcon_core.shell:Creating prefix chain script '/home/ssafy/Desktop/SmartFactory-Solution/laptop1/install/setup.zsh'
