[0.506s] Invoking command in '/home/ssafy/Desktop/SmartFactory-Solution/laptop1/src/pjt': PYTHONPATH=/home/ssafy/Desktop/SmartFactory-Solution/laptop1/build/pjt/prefix_override:/usr/lib/python3/dist-packages/colcon_core/task/python/colcon_distutils_commands:/home/ssafy/Desktop/SmartFactory-Solution/laptop1/install/pjt/lib/python3.10/site-packages:${PYTHONPATH} /usr/bin/python3 -W ignore:setup.py install is deprecated -W ignore:easy_install command is deprecated setup.py egg_info --egg-base ../../build/pjt build --build-base /home/ssafy/Desktop/SmartFactory-Solution/laptop1/build/pjt/build install --record /home/ssafy/Desktop/SmartFactory-Solution/laptop1/build/pjt/install.log --single-version-externally-managed install_data
[0.688s] running egg_info
[0.688s] writing ../../build/pjt/pjt.egg-info/PKG-INFO
[0.688s] writing dependency_links to ../../build/pjt/pjt.egg-info/dependency_links.txt
[0.689s] writing entry points to ../../build/pjt/pjt.egg-info/entry_points.txt
[0.689s] writing requirements to ../../build/pjt/pjt.egg-info/requires.txt
[0.689s] writing top-level names to ../../build/pjt/pjt.egg-info/top_level.txt
[0.690s] reading manifest file '../../build/pjt/pjt.egg-info/SOURCES.txt'
[0.690s] writing manifest file '../../build/pjt/pjt.egg-info/SOURCES.txt'
[0.691s] running build
[0.691s] running build_py
[0.691s] copying pjt/detect_server.py -> /home/ssafy/Desktop/SmartFactory-Solution/laptop1/build/pjt/build/lib/pjt
[0.691s] running install
[0.691s] running install_lib
[0.692s] copying /home/ssafy/Desktop/SmartFactory-Solution/laptop1/build/pjt/build/lib/pjt/detect_server.py -> /home/ssafy/Desktop/SmartFactory-Solution/laptop1/install/pjt/lib/python3.10/site-packages/pjt
[0.692s] byte-compiling /home/ssafy/Desktop/SmartFactory-Solution/laptop1/install/pjt/lib/python3.10/site-packages/pjt/detect_server.py to detect_server.cpython-310.pyc
[0.694s] running install_data
[0.694s] running install_egg_info
[0.695s] removing '/home/ssafy/Desktop/SmartFactory-Solution/laptop1/install/pjt/lib/python3.10/site-packages/pjt-0.0.0-py3.10.egg-info' (and everything under it)
[0.695s] Copying ../../build/pjt/pjt.egg-info to /home/ssafy/Desktop/SmartFactory-Solution/laptop1/install/pjt/lib/python3.10/site-packages/pjt-0.0.0-py3.10.egg-info
[0.696s] running install_scripts
[0.711s] Installing detect_panel_node script to /home/ssafy/Desktop/SmartFactory-Solution/laptop1/install/pjt/lib/pjt
[0.711s] Installing dobot_homing_node script to /home/ssafy/Desktop/SmartFactory-Solution/laptop1/install/pjt/lib/pjt
[0.711s] writing list of installed files to '/home/ssafy/Desktop/SmartFactory-Solution/laptop1/build/pjt/install.log'
[0.733s] Invoked command in '/home/ssafy/Desktop/SmartFactory-Solution/laptop1/src/pjt' returned '0': PYTHONPATH=/home/ssafy/Desktop/SmartFactory-Solution/laptop1/build/pjt/prefix_override:/usr/lib/python3/dist-packages/colcon_core/task/python/colcon_distutils_commands:/home/ssafy/Desktop/SmartFactory-Solution/laptop1/install/pjt/lib/python3.10/site-packages:${PYTHONPATH} /usr/bin/python3 -W ignore:setup.py install is deprecated -W ignore:easy_install command is deprecated setup.py egg_info --egg-base ../../build/pjt build --build-base /home/ssafy/Desktop/SmartFactory-Solution/laptop1/build/pjt/build install --record /home/ssafy/Desktop/SmartFactory-Solution/laptop1/build/pjt/install.log --single-version-externally-managed install_data
